// Jest Snapshot v1, https://goo.gl/fbAQLP

exports[`Test ad product page Home page snapshot 1`] = `
<div
  className="container"
>
  <br />
  <br />
  <br />
  <br />
  <br />
  <h1
    className="Homestyle__Heading-bedjur-0 kQKohX text-center"
  >
    Job Ads
  </h1>
  <br />
  <br />
  <br />
  <div
    className="row"
  >
    <div
      className="col-4 text-center"
    >
      <div
        className="Homestyle__AdCard-bedjur-1 cZDLhm"
      >
        <h4
          className="ad-name"
        >
          Classic Ad
        </h4>
        <h2
          className="price"
        >
          $
          269.99
        </h2>
        <p
          className="desc"
        >
          Offers the most basic level of advertisement
        </p>
        <button
          className="buttonstyles__SolidButton-e7xntx-0 gVEEdL"
          onClick={[Function]}
        >
          Buy now
        </button>
      </div>
    </div>
    <div
      className="col-4 text-center"
    >
      <div
        className="Homestyle__AdCard-bedjur-1 cZDLhm"
      >
        <h4
          className="ad-name"
        >
          Stand out Ad
        </h4>
        <h2
          className="price"
        >
          $
          322.99
        </h2>
        <p
          className="desc"
        >
          Allows advertisers to use a company logo and use a longer presentation text
        </p>
        <button
          className="buttonstyles__SolidButton-e7xntx-0 gVEEdL"
          onClick={[Function]}
        >
          Buy now
        </button>
      </div>
    </div>
    <div
      className="col-4 text-center"
    >
      <div
        className="Homestyle__AdCard-bedjur-1 cZDLhm"
      >
        <h4
          className="ad-name"
        >
          Premium Ad
        </h4>
        <h2
          className="price"
        >
          $
          394.99
        </h2>
        <p
          className="desc"
        >
          Same benefits as Standout Ad, but also puts the advertisement at the top of the results, allowing higher visibility
        </p>
        <button
          className="buttonstyles__SolidButton-e7xntx-0 gVEEdL"
          onClick={[Function]}
        >
          Buy now
        </button>
      </div>
    </div>
  </div>
</div>
`;
